➜  Desktop mkdir exercices-git && $_
➜  exercices-git git init
hint: Using 'master' as the name for the initial branch. This default branch name
hint: is subject to change. To configure the initial branch name to use in all
hint: of your new repositories, which will suppress this warning, call:
hint: 
hint: 	git config --global init.defaultBranch <name>
hint: 
hint: Names commonly chosen instead of 'master' are 'main', 'trunk' and
hint: 'development'. The just-created branch can be renamed via this command:
hint: 
hint: 	git branch -m <name>
Initialized empty Git repository in /Users/romain/Desktop/exercices-git/.git/
➜  exercices-git git:(master) ✗ git status
On branch master

No commits yet

Untracked files:
  (use "git add <file>..." to include in what will be committed)
        contact.yaml

nothing added to commit but untracked files present (use "git add" to track)
➜  exercices-git git:(master) ✗ git add contact.yaml 
➜  exercices-git git:(master) ✗ git status          
On branch master

No commits yet

Changes to be committed:
  (use "git rm --cached <file>..." to unstage)
        new file:   contact.yaml

➜  exercices-git git:(master) ✗ git commit -m "chore: initial commit"
[master (root-commit) 12709be] chore: initial commit
 1 file changed, 4 insertions(+)
 create mode 100644 contact.yaml
➜  exercices-git git:(master) git status
On branch master
Untracked files:
  (use "git add <file>..." to include in what will be committed)
        societe.yaml
        voiture.yaml

nothing added to commit but untracked files present (use "git add" to track)
➜  exercices-git git:(master) ✗ git add voiture.yaml 
➜  exercices-git git:(master) ✗ git status
On branch master
Changes to be committed:
  (use "git restore --staged <file>..." to unstage)
        new file:   voiture.yaml

Untracked files:
  (use "git add <file>..." to include in what will be committed)
        societe.yaml

➜  exercices-git git:(master) ✗ git commit -m "feat: voiture.yaml"
[master 9ceae5f] feat: voiture.yaml
 1 file changed, 3 insertions(+)
 create mode 100644 voiture.yaml
➜  exercices-git git:(master) ✗ git add .
➜  exercices-git git:(master) ✗ git commit -m "feat: societe.yaml" 
[master 8eb5e76] feat: societe.yaml
 1 file changed, 3 insertions(+)
 create mode 100644 societe.yaml
➜  exercices-git git:(master) git add -p contact.yaml 
diff --git a/contact.yaml b/contact.yaml
index 7f71ffe..1e067cb 100644
--- a/contact.yaml
+++ b/contact.yaml
@@ -1,4 +1,4 @@
 contact:
-  prenom: Jean
+  prenom: Eric
   nom: Dupont
-  ville: Paris
+  ville: Bordeaux
(1/1) Stage this hunk [y,n,q,a,d,s,e,?]? s
Split into 2 hunks.
@@ -1,3 +1,3 @@
 contact:
-  prenom: Jean
+  prenom: Eric
   nom: Dupont
(1/2) Stage this hunk [y,n,q,a,d,j,J,g,/,e,?]? y
@@ -3,2 +3,2 @@
   nom: Dupont
-  ville: Paris
+  ville: Bordeaux
(2/2) Stage this hunk [y,n,q,a,d,K,g,/,e,?]? n

➜  exercices-git git:(master) ✗ git commit -m "fix(contact): prenom"
[master 6265700] fix(contact): prenom
 1 file changed, 1 insertion(+), 1 deletion(-)
➜  exercices-git git:(master) ✗ git add .
➜  exercices-git git:(master) ✗ git commit -m "fix(contact): ville" 
[master b7c3263] fix(contact): ville
 1 file changed, 1 insertion(+), 1 deletion(-)
➜  exercices-git git:(master) git mv *.yaml yaml 
➜  exercices-git git:(master) ✗ git status
On branch master
Changes to be committed:
  (use "git restore --staged <file>..." to unstage)
        renamed:    contact.yaml -> yaml/contact.yaml
        renamed:    societe.yaml -> yaml/societe.yaml
        renamed:    voiture.yaml -> yaml/voiture.yaml

➜  exercices-git git:(master) ✗ git commit -m "refactor: move yaml files to yaml folder"
[master beea2a4] refactor: move yaml files to yaml folder
 3 files changed, 0 insertions(+), 0 deletions(-)
 rename contact.yaml => yaml/contact.yaml (100%)
 rename societe.yaml => yaml/societe.yaml (100%)
 rename voiture.yaml => yaml/voiture.yaml (100%)
➜  exercices-git git:(master) git commit --amend
[master c3fbe5a] refactor: move yaml files to yaml dir
 Date: Mon May 31 13:58:43 2021 +0200
 3 files changed, 0 insertions(+), 0 deletions(-)
 rename contact.yaml => yaml/contact.yaml (100%)
 rename societe.yaml => yaml/societe.yaml (100%)
 rename voiture.yaml => yaml/voiture.yaml (100%)
➜  exercices-git git:(master) git rm yaml/voiture.yaml 
rm 'yaml/voiture.yaml'
➜  exercices-git git:(master) ✗ git status
On branch master
Changes to be committed:
  (use "git restore --staged <file>..." to unstage)
        deleted:    yaml/voiture.yaml

➜  exercices-git git:(master) ✗ git commit -m "refactor\!: delete voiture.yaml"
[master 221aff1] refactor!: delete voiture.yaml
 1 file changed, 3 deletions(-)
 delete mode 100644 yaml/voiture.yaml
➜  exercices-git git:(master) git lg
* 221aff1 - (HEAD -> master) refactor!: delete voiture.yaml (10 seconds ago) <Romain Bohdanowicz>
* c3fbe5a - refactor: move yaml files to yaml dir (2 minutes ago) <Romain Bohdanowicz>
* b7c3263 - fix(contact): ville (4 minutes ago) <Romain Bohdanowicz>
* 6265700 - fix(contact): prenom (4 minutes ago) <Romain Bohdanowicz>
* 8eb5e76 - feat: societe.yaml (5 minutes ago) <Romain Bohdanowicz>
* 9ceae5f - feat: voiture.yaml (6 minutes ago) <Romain Bohdanowicz>
* 12709be - chore: initial commit (7 minutes ago) <Romain Bohdanowicz>
➜  exercices-git git:(master) git reset HEAD^ --hard
HEAD is now at c3fbe5a refactor: move yaml files to yaml dir
➜  exercices-git git:(master) git show     
commit c3fbe5a0b72349a49cf2ef8b2829dd60ceb8ccec (HEAD -> master)
Author: Romain Bohdanowicz <romain.bohdanowicz@gmail.com>
Date:   Mon May 31 13:58:43 2021 +0200

    refactor: move yaml files to yaml dir

diff --git a/contact.yaml b/yaml/contact.yaml
similarity index 100%
rename from contact.yaml
rename to yaml/contact.yaml
diff --git a/societe.yaml b/yaml/societe.yaml
similarity index 100%
rename from societe.yaml
rename to yaml/societe.yaml
diff --git a/voiture.yaml b/yaml/voiture.yaml
similarity index 100%
rename from voiture.yaml
rename to yaml/voiture.yaml
➜  exercices-git git:(master) git lg
* c3fbe5a - (HEAD -> master) refactor: move yaml files to yaml dir (4 minutes ago) <Romain Bohdanowicz>
* b7c3263 - fix(contact): ville (5 minutes ago) <Romain Bohdanowicz>
* 6265700 - fix(contact): prenom (5 minutes ago) <Romain Bohdanowicz>
* 8eb5e76 - feat: societe.yaml (7 minutes ago) <Romain Bohdanowicz>
* 9ceae5f - feat: voiture.yaml (7 minutes ago) <Romain Bohdanowicz>
* 12709be - chore: initial commit (8 minutes ago) <Romain Bohdanowicz>
➜  exercices-git git:(master) git diff 8eb5e76 b7c3263
diff --git a/contact.yaml b/contact.yaml
index 7f71ffe..1e067cb 100644
--- a/contact.yaml
+++ b/contact.yaml
@@ -1,4 +1,4 @@
 contact:
-  prenom: Jean
+  prenom: Eric
   nom: Dupont
-  ville: Paris
+  ville: Bordeaux
